Archive member included to satisfy reference by file (symbol)

/usr/lib/gcc/avr/5.4.0/../../../avr/lib/avr5/libprintf_flt.a(vfprintf_flt.o)
                              (vfprintf)
/usr/lib/gcc/avr/5.4.0/../../../avr/lib/avr5/libscanf_flt.a(vfscanf_flt.o)
                              (vfscanf)
/usr/lib/gcc/avr/5.4.0/../../../avr/lib/avr5/libm.a(addsf3.o)
                              types.o (__addsf3)
/usr/lib/gcc/avr/5.4.0/../../../avr/lib/avr5/libm.a(addsf3x.o)
                              /usr/lib/gcc/avr/5.4.0/../../../avr/lib/avr5/libm.a(addsf3.o) (__addsf3x)
/usr/lib/gcc/avr/5.4.0/../../../avr/lib/avr5/libm.a(divsf3.o)
                              types.o (__divsf3)
/usr/lib/gcc/avr/5.4.0/../../../avr/lib/avr5/libm.a(divsf3x.o)
                              /usr/lib/gcc/avr/5.4.0/../../../avr/lib/avr5/libm.a(divsf3.o) (__divsf3x)
/usr/lib/gcc/avr/5.4.0/../../../avr/lib/avr5/libm.a(floatsisf.o)
                              /usr/lib/gcc/avr/5.4.0/../../../avr/lib/avr5/libscanf_flt.a(vfscanf_flt.o) (__floatunsisf)
/usr/lib/gcc/avr/5.4.0/../../../avr/lib/avr5/libm.a(fp_inf.o)
                              /usr/lib/gcc/avr/5.4.0/../../../avr/lib/avr5/libm.a(addsf3x.o) (__fp_inf)
/usr/lib/gcc/avr/5.4.0/../../../avr/lib/avr5/libm.a(fp_nan.o)
                              /usr/lib/gcc/avr/5.4.0/../../../avr/lib/avr5/libm.a(addsf3x.o) (__fp_nan)
/usr/lib/gcc/avr/5.4.0/../../../avr/lib/avr5/libm.a(fp_pscA.o)
                              /usr/lib/gcc/avr/5.4.0/../../../avr/lib/avr5/libm.a(addsf3x.o) (__fp_pscA)
/usr/lib/gcc/avr/5.4.0/../../../avr/lib/avr5/libm.a(fp_pscB.o)
                              /usr/lib/gcc/avr/5.4.0/../../../avr/lib/avr5/libm.a(addsf3x.o) (__fp_pscB)
/usr/lib/gcc/avr/5.4.0/../../../avr/lib/avr5/libm.a(fp_round.o)
                              /usr/lib/gcc/avr/5.4.0/../../../avr/lib/avr5/libm.a(addsf3.o) (__fp_round)
/usr/lib/gcc/avr/5.4.0/../../../avr/lib/avr5/libm.a(fp_split3.o)
                              /usr/lib/gcc/avr/5.4.0/../../../avr/lib/avr5/libm.a(addsf3x.o) (__fp_split3)
/usr/lib/gcc/avr/5.4.0/../../../avr/lib/avr5/libm.a(fp_zero.o)
                              /usr/lib/gcc/avr/5.4.0/../../../avr/lib/avr5/libm.a(addsf3x.o) (__fp_zero)
/usr/lib/gcc/avr/5.4.0/../../../avr/lib/avr5/libm.a(mulsf3.o)
                              types.o (__mulsf3)
/usr/lib/gcc/avr/5.4.0/../../../avr/lib/avr5/libm.a(mulsf3x.o)
                              /usr/lib/gcc/avr/5.4.0/../../../avr/lib/avr5/libm.a(mulsf3.o) (__mulsf3x)
/usr/lib/gcc/avr/5.4.0/avr5/libgcc.a(_mulsi3.o)
                              types.o (__mulsi3)
/usr/lib/gcc/avr/5.4.0/avr5/libgcc.a(_divmodhi4.o)
                              types.o (__divmodhi4)
/usr/lib/gcc/avr/5.4.0/avr5/libgcc.a(_divmodsi4.o)
                              types.o (__divmodsi4)
/usr/lib/gcc/avr/5.4.0/avr5/libgcc.a(_negsi2.o)
                              /usr/lib/gcc/avr/5.4.0/avr5/libgcc.a(_divmodsi4.o) (__negsi2)
/usr/lib/gcc/avr/5.4.0/avr5/libgcc.a(_exit.o)
                              /usr/lib/gcc/avr/5.4.0/../../../avr/lib/avr5/crtatmega328p.o (exit)
/usr/lib/gcc/avr/5.4.0/avr5/libgcc.a(_copy_data.o)
                              types.o (__do_copy_data)
/usr/lib/gcc/avr/5.4.0/avr5/libgcc.a(_clear_bss.o)
                              types.o (__do_clear_bss)
/usr/lib/gcc/avr/5.4.0/avr5/libgcc.a(_muluhisi3.o)
                              /usr/lib/gcc/avr/5.4.0/avr5/libgcc.a(_mulsi3.o) (__muluhisi3)
/usr/lib/gcc/avr/5.4.0/avr5/libgcc.a(_muldi3.o)
                              types.o (__muldi3)
/usr/lib/gcc/avr/5.4.0/avr5/libgcc.a(_muldi3_6.o)
                              /usr/lib/gcc/avr/5.4.0/avr5/libgcc.a(_muldi3.o) (__muldi3_6)
/usr/lib/gcc/avr/5.4.0/avr5/libgcc.a(_divdi3.o)
                              types.o (__divdi3)
/usr/lib/gcc/avr/5.4.0/avr5/libgcc.a(_udivdi3.o)
                              /usr/lib/gcc/avr/5.4.0/avr5/libgcc.a(_divdi3.o) (__udivdi3_umoddi3)
/usr/lib/gcc/avr/5.4.0/avr5/libgcc.a(_udivmod64.o)
                              /usr/lib/gcc/avr/5.4.0/avr5/libgcc.a(_divdi3.o) (__udivmod64)
/usr/lib/gcc/avr/5.4.0/avr5/libgcc.a(_negdi2.o)
                              /usr/lib/gcc/avr/5.4.0/avr5/libgcc.a(_divdi3.o) (__negdi2)
/usr/lib/gcc/avr/5.4.0/avr5/libgcc.a(_prologue.o)
                              /usr/lib/gcc/avr/5.4.0/../../../avr/lib/avr5/libprintf_flt.a(vfprintf_flt.o) (__prologue_saves__)
/usr/lib/gcc/avr/5.4.0/avr5/libgcc.a(_epilogue.o)
                              /usr/lib/gcc/avr/5.4.0/../../../avr/lib/avr5/libprintf_flt.a(vfprintf_flt.o) (__epilogue_restores__)
/usr/lib/gcc/avr/5.4.0/avr5/libgcc.a(_ashldi3.o)
                              types.o (__ashldi3)
/usr/lib/gcc/avr/5.4.0/avr5/libgcc.a(_ashrdi3.o)
                              types.o (__ashrdi3)
/usr/lib/gcc/avr/5.4.0/avr5/libgcc.a(_adddi3.o)
                              types.o (__adddi3)
/usr/lib/gcc/avr/5.4.0/avr5/libgcc.a(_udivmodhi4.o)
                              /usr/lib/gcc/avr/5.4.0/avr5/libgcc.a(_divmodhi4.o) (__udivmodhi4)
/usr/lib/gcc/avr/5.4.0/avr5/libgcc.a(_udivmodsi4.o)
                              /usr/lib/gcc/avr/5.4.0/avr5/libgcc.a(_divmodsi4.o) (__udivmodsi4)
/usr/lib/gcc/avr/5.4.0/avr5/libgcc.a(_umulhisi3.o)
                              /usr/lib/gcc/avr/5.4.0/avr5/libgcc.a(_muluhisi3.o) (__umulhisi3)
/usr/lib/gcc/avr/5.4.0/../../../avr/lib/avr5/libc.a(ftoa_engine.o)
                              /usr/lib/gcc/avr/5.4.0/../../../avr/lib/avr5/libprintf_flt.a(vfprintf_flt.o) (__ftoa_engine)
/usr/lib/gcc/avr/5.4.0/../../../avr/lib/avr5/libc.a(isspace.o)
                              /usr/lib/gcc/avr/5.4.0/../../../avr/lib/avr5/libscanf_flt.a(vfscanf_flt.o) (isspace)
/usr/lib/gcc/avr/5.4.0/../../../avr/lib/avr5/libc.a(tolower.o)
                              /usr/lib/gcc/avr/5.4.0/../../../avr/lib/avr5/libscanf_flt.a(vfscanf_flt.o) (tolower)
/usr/lib/gcc/avr/5.4.0/../../../avr/lib/avr5/libc.a(strchr_P.o)
                              /usr/lib/gcc/avr/5.4.0/../../../avr/lib/avr5/libscanf_flt.a(vfscanf_flt.o) (strchr_P)
/usr/lib/gcc/avr/5.4.0/../../../avr/lib/avr5/libc.a(strnlen_P.o)
                              /usr/lib/gcc/avr/5.4.0/../../../avr/lib/avr5/libprintf_flt.a(vfprintf_flt.o) (strnlen_P)
/usr/lib/gcc/avr/5.4.0/../../../avr/lib/avr5/libc.a(strnlen.o)
                              /usr/lib/gcc/avr/5.4.0/../../../avr/lib/avr5/libprintf_flt.a(vfprintf_flt.o) (strnlen)
/usr/lib/gcc/avr/5.4.0/../../../avr/lib/avr5/libc.a(fgetc.o)
                              /usr/lib/gcc/avr/5.4.0/../../../avr/lib/avr5/libscanf_flt.a(vfscanf_flt.o) (fgetc)
/usr/lib/gcc/avr/5.4.0/../../../avr/lib/avr5/libc.a(fputc.o)
                              /usr/lib/gcc/avr/5.4.0/../../../avr/lib/avr5/libprintf_flt.a(vfprintf_flt.o) (fputc)
/usr/lib/gcc/avr/5.4.0/../../../avr/lib/avr5/libc.a(iob.o)
                              types.o (__iob)
/usr/lib/gcc/avr/5.4.0/../../../avr/lib/avr5/libc.a(printf.o)
                              types.o (printf)
/usr/lib/gcc/avr/5.4.0/../../../avr/lib/avr5/libc.a(puts.o)
                              types.o (puts)
/usr/lib/gcc/avr/5.4.0/../../../avr/lib/avr5/libc.a(scanf.o)
                              types.o (scanf)
/usr/lib/gcc/avr/5.4.0/../../../avr/lib/avr5/libc.a(ungetc.o)
                              /usr/lib/gcc/avr/5.4.0/../../../avr/lib/avr5/libscanf_flt.a(vfscanf_flt.o) (ungetc)
/usr/lib/gcc/avr/5.4.0/../../../avr/lib/avr5/libc.a(ultoa_invert.o)
                              /usr/lib/gcc/avr/5.4.0/../../../avr/lib/avr5/libprintf_flt.a(vfprintf_flt.o) (__ultoa_invert)
/usr/lib/gcc/avr/5.4.0/../../../avr/lib/avr5/libc.a(cty_isfalse.o)
                              /usr/lib/gcc/avr/5.4.0/../../../avr/lib/avr5/libc.a(isspace.o) (__ctype_isfalse)

Allocating common symbols
Common symbol       size              file

uart_file           0xe               types.o
__iob               0x6               /usr/lib/gcc/avr/5.4.0/../../../avr/lib/avr5/libc.a(iob.o)

Memory Configuration

Name             Origin             Length             Attributes
text             0x0000000000000000 0x0000000000008000 xr
data             0x0000000000800100 0x0000000000000800 rw !x
eeprom           0x0000000000810000 0x0000000000000400 rw !x
fuse             0x0000000000820000 0x0000000000000003 rw !x
lock             0x0000000000830000 0x0000000000000400 rw !x
signature        0x0000000000840000 0x0000000000000400 rw !x
user_signatures  0x0000000000850000 0x0000000000000400 rw !x
*default*        0x0000000000000000 0xffffffffffffffff

Linker script and memory map

Address of section .data set to 0x800100
LOAD /usr/lib/gcc/avr/5.4.0/../../../avr/lib/avr5/crtatmega328p.o
LOAD types.o
LOAD /usr/lib/gcc/avr/5.4.0/../../../avr/lib/avr5/libprintf_flt.a
LOAD /usr/lib/gcc/avr/5.4.0/../../../avr/lib/avr5/libscanf_flt.a
LOAD /usr/lib/gcc/avr/5.4.0/../../../avr/lib/avr5/libm.a
START GROUP
LOAD /usr/lib/gcc/avr/5.4.0/avr5/libgcc.a
LOAD /usr/lib/gcc/avr/5.4.0/../../../avr/lib/avr5/libm.a
LOAD /usr/lib/gcc/avr/5.4.0/../../../avr/lib/avr5/libc.a
LOAD /usr/lib/gcc/avr/5.4.0/../../../avr/lib/avr5/libatmega328p.a
END GROUP
                0x0000000000000000                __TEXT_REGION_ORIGIN__ = DEFINED (__TEXT_REGION_ORIGIN__)?__TEXT_REGION_ORIGIN__:0x0
                [0x0000000000800100]                __DATA_REGION_ORIGIN__ = DEFINED (__DATA_REGION_ORIGIN__)?__DATA_REGION_ORIGIN__:0x800060
                [0x0000000000008000]                __TEXT_REGION_LENGTH__ = DEFINED (__TEXT_REGION_LENGTH__)?__TEXT_REGION_LENGTH__:0x20000
                [0x0000000000000800]                __DATA_REGION_LENGTH__ = DEFINED (__DATA_REGION_LENGTH__)?__DATA_REGION_LENGTH__:0xffa0
                [0x0000000000000400]                __EEPROM_REGION_LENGTH__ = DEFINED (__EEPROM_REGION_LENGTH__)?__EEPROM_REGION_LENGTH__:0x10000
                [0x0000000000000003]                __FUSE_REGION_LENGTH__ = DEFINED (__FUSE_REGION_LENGTH__)?__FUSE_REGION_LENGTH__:0x400
                0x0000000000000400                __LOCK_REGION_LENGTH__ = DEFINED (__LOCK_REGION_LENGTH__)?__LOCK_REGION_LENGTH__:0x400
                0x0000000000000400                __SIGNATURE_REGION_LENGTH__ = DEFINED (__SIGNATURE_REGION_LENGTH__)?__SIGNATURE_REGION_LENGTH__:0x400
                0x0000000000000400                __USER_SIGNATURE_REGION_LENGTH__ = DEFINED (__USER_SIGNATURE_REGION_LENGTH__)?__USER_SIGNATURE_REGION_LENGTH__:0x400

.hash
 *(.hash)

.dynsym
 *(.dynsym)

.dynstr
 *(.dynstr)

.gnu.version
 *(.gnu.version)

.gnu.version_d
 *(.gnu.version_d)

.gnu.version_r
 *(.gnu.version_r)

.rel.init
 *(.rel.init)

.rela.init
 *(.rela.init)

.rel.text
 *(.rel.text)
 *(.rel.text.*)
 *(.rel.gnu.linkonce.t*)

.rela.text
 *(.rela.text)
 *(.rela.text.*)
 *(.rela.gnu.linkonce.t*)

.rel.fini
 *(.rel.fini)

.rela.fini
 *(.rela.fini)

.rel.rodata
 *(.rel.rodata)
 *(.rel.rodata.*)
 *(.rel.gnu.linkonce.r*)

.rela.rodata
 *(.rela.rodata)
 *(.rela.rodata.*)
 *(.rela.gnu.linkonce.r*)

.rel.data
 *(.rel.data)
 *(.rel.data.*)
 *(.rel.gnu.linkonce.d*)

.rela.data
 *(.rela.data)
 *(.rela.data.*)
 *(.rela.gnu.linkonce.d*)

.rel.ctors
 *(.rel.ctors)

.rela.ctors
 *(.rela.ctors)

.rel.dtors
 *(.rel.dtors)

.rela.dtors
 *(.rela.dtors)

.rel.got
 *(.rel.got)

.rela.got
 *(.rela.got)

.rel.bss
 *(.rel.bss)

.rela.bss
 *(.rela.bss)

.rel.plt
 *(.rel.plt)

.rela.plt
 *(.rela.plt)

.text           0x0000000000000000     0x2568
 *(.vectors)
 .vectors       0x0000000000000000       0x68 /usr/lib/gcc/avr/5.4.0/../../../avr/lib/avr5/crtatmega328p.o
                0x0000000000000000                __vectors
                0x0000000000000000                __vector_default
 *(.vectors)
 *(.progmem.gcc*)
                0x0000000000000068                . = ALIGN (0x2)
                0x0000000000000068                __trampolines_start = .
 *(.trampolines)
 .trampolines   0x0000000000000068        0x0 linker stubs
 *(.trampolines*)
                0x0000000000000068                __trampolines_end = .
 *libprintf_flt.a:*(.progmem.data)
 .progmem.data  0x0000000000000068        0x8 /usr/lib/gcc/avr/5.4.0/../../../avr/lib/avr5/libprintf_flt.a(vfprintf_flt.o)
 *libc.a:*(.progmem.data)
 .progmem.data  0x0000000000000070       0xfa /usr/lib/gcc/avr/5.4.0/../../../avr/lib/avr5/libc.a(ftoa_engine.o)
 *(.progmem*)
 .progmem.data  0x000000000000016a       0x4d /usr/lib/gcc/avr/5.4.0/../../../avr/lib/avr5/libscanf_flt.a(vfscanf_flt.o)
                0x00000000000001b8                . = ALIGN (0x2)
 *fill*         0x00000000000001b7        0x1 
 *(.jumptables)
 *(.jumptables*)
 *(.lowtext)
 *(.lowtext*)
                0x00000000000001b8                __ctors_start = .
 *(.ctors)
                0x00000000000001b8                __ctors_end = .
                0x00000000000001b8                __dtors_start = .
 *(.dtors)
                0x00000000000001b8                __dtors_end = .
 SORT(*)(.ctors)
 SORT(*)(.dtors)
 *(.init0)
 .init0         0x00000000000001b8        0x0 /usr/lib/gcc/avr/5.4.0/../../../avr/lib/avr5/crtatmega328p.o
                0x00000000000001b8                __init
 *(.init0)
 *(.init1)
 *(.init1)
 *(.init2)
 .init2         0x00000000000001b8        0xc /usr/lib/gcc/avr/5.4.0/../../../avr/lib/avr5/crtatmega328p.o
 *(.init2)
 *(.init3)
 *(.init3)
 *(.init4)
 .init4         0x00000000000001c4       0x16 /usr/lib/gcc/avr/5.4.0/avr5/libgcc.a(_copy_data.o)
                0x00000000000001c4                __do_copy_data
 .init4         0x00000000000001da       0x10 /usr/lib/gcc/avr/5.4.0/avr5/libgcc.a(_clear_bss.o)
                0x00000000000001da                __do_clear_bss
 *(.init4)
 *(.init5)
 *(.init5)
 *(.init6)
 *(.init6)
 *(.init7)
 *(.init7)
 *(.init8)
 *(.init8)
 *(.init9)
 .init9         0x00000000000001ea        0x8 /usr/lib/gcc/avr/5.4.0/../../../avr/lib/avr5/crtatmega328p.o
 *(.init9)
 *(.text)
 .text          0x00000000000001f2        0x4 /usr/lib/gcc/avr/5.4.0/../../../avr/lib/avr5/crtatmega328p.o
                0x00000000000001f2                __vector_22
                0x00000000000001f2                __vector_1
                0x00000000000001f2                __vector_24
                0x00000000000001f2                __vector_12
                0x00000000000001f2                __bad_interrupt
                0x00000000000001f2                __vector_6
                0x00000000000001f2                __vector_3
                0x00000000000001f2                __vector_23
                0x00000000000001f2                __vector_25
                0x00000000000001f2                __vector_11
                0x00000000000001f2                __vector_13
                0x00000000000001f2                __vector_17
                0x00000000000001f2                __vector_19
                0x00000000000001f2                __vector_7
                0x00000000000001f2                __vector_5
                0x00000000000001f2                __vector_4
                0x00000000000001f2                __vector_9
                0x00000000000001f2                __vector_2
                0x00000000000001f2                __vector_21
                0x00000000000001f2                __vector_15
                0x00000000000001f2                __vector_8
                0x00000000000001f2                __vector_14
                0x00000000000001f2                __vector_10
                0x00000000000001f2                __vector_16
                0x00000000000001f2                __vector_18
                0x00000000000001f2                __vector_20
 .text          0x00000000000001f6       0x40 types.o
                0x00000000000001f6                uart_transmit
                0x0000000000000208                uart_receive
                0x0000000000000218                uart_init
 .text          0x0000000000000236        0x0 /usr/lib/gcc/avr/5.4.0/../../../avr/lib/avr5/libprintf_flt.a(vfprintf_flt.o)
 .text          0x0000000000000236        0x0 /usr/lib/gcc/avr/5.4.0/../../../avr/lib/avr5/libscanf_flt.a(vfscanf_flt.o)
 .text          0x0000000000000236        0x0 /usr/lib/gcc/avr/5.4.0/../../../avr/lib/avr5/libm.a(addsf3.o)
 .text          0x0000000000000236        0x0 /usr/lib/gcc/avr/5.4.0/../../../avr/lib/avr5/libm.a(addsf3x.o)
 .text          0x0000000000000236        0x0 /usr/lib/gcc/avr/5.4.0/../../../avr/lib/avr5/libm.a(divsf3.o)
 .text          0x0000000000000236        0x0 /usr/lib/gcc/avr/5.4.0/../../../avr/lib/avr5/libm.a(divsf3x.o)
 .text          0x0000000000000236        0x0 /usr/lib/gcc/avr/5.4.0/../../../avr/lib/avr5/libm.a(floatsisf.o)
 .text          0x0000000000000236        0x0 /usr/lib/gcc/avr/5.4.0/../../../avr/lib/avr5/libm.a(fp_inf.o)
 .text          0x0000000000000236        0x0 /usr/lib/gcc/avr/5.4.0/../../../avr/lib/avr5/libm.a(fp_nan.o)
 .text          0x0000000000000236        0x0 /usr/lib/gcc/avr/5.4.0/../../../avr/lib/avr5/libm.a(fp_pscA.o)
 .text          0x0000000000000236        0x0 /usr/lib/gcc/avr/5.4.0/../../../avr/lib/avr5/libm.a(fp_pscB.o)
 .text          0x0000000000000236        0x0 /usr/lib/gcc/avr/5.4.0/../../../avr/lib/avr5/libm.a(fp_round.o)
 .text          0x0000000000000236        0x0 /usr/lib/gcc/avr/5.4.0/../../../avr/lib/avr5/libm.a(fp_split3.o)
 .text          0x0000000000000236        0x0 /usr/lib/gcc/avr/5.4.0/../../../avr/lib/avr5/libm.a(fp_zero.o)
 .text          0x0000000000000236        0x0 /usr/lib/gcc/avr/5.4.0/../../../avr/lib/avr5/libm.a(mulsf3.o)
 .text          0x0000000000000236        0x0 /usr/lib/gcc/avr/5.4.0/../../../avr/lib/avr5/libm.a(mulsf3x.o)
 .text          0x0000000000000236        0x0 /usr/lib/gcc/avr/5.4.0/avr5/libgcc.a(_mulsi3.o)
 .text          0x0000000000000236        0x0 /usr/lib/gcc/avr/5.4.0/avr5/libgcc.a(_divmodhi4.o)
 .text          0x0000000000000236        0x0 /usr/lib/gcc/avr/5.4.0/avr5/libgcc.a(_divmodsi4.o)
 .text          0x0000000000000236        0x0 /usr/lib/gcc/avr/5.4.0/avr5/libgcc.a(_negsi2.o)
 .text          0x0000000000000236        0x0 /usr/lib/gcc/avr/5.4.0/avr5/libgcc.a(_exit.o)
 .text          0x0000000000000236        0x0 /usr/lib/gcc/avr/5.4.0/avr5/libgcc.a(_copy_data.o)
 .text          0x0000000000000236        0x0 /usr/lib/gcc/avr/5.4.0/avr5/libgcc.a(_clear_bss.o)
 .text          0x0000000000000236        0x0 /usr/lib/gcc/avr/5.4.0/avr5/libgcc.a(_muluhisi3.o)
 .text          0x0000000000000236        0x0 /usr/lib/gcc/avr/5.4.0/avr5/libgcc.a(_muldi3.o)
 .text          0x0000000000000236        0x0 /usr/lib/gcc/avr/5.4.0/avr5/libgcc.a(_muldi3_6.o)
 .text          0x0000000000000236        0x0 /usr/lib/gcc/avr/5.4.0/avr5/libgcc.a(_divdi3.o)
 .text          0x0000000000000236        0x0 /usr/lib/gcc/avr/5.4.0/avr5/libgcc.a(_udivdi3.o)
 .text          0x0000000000000236        0x0 /usr/lib/gcc/avr/5.4.0/avr5/libgcc.a(_udivmod64.o)
 .text          0x0000000000000236        0x0 /usr/lib/gcc/avr/5.4.0/avr5/libgcc.a(_negdi2.o)
 .text          0x0000000000000236        0x0 /usr/lib/gcc/avr/5.4.0/avr5/libgcc.a(_prologue.o)
 .text          0x0000000000000236        0x0 /usr/lib/gcc/avr/5.4.0/avr5/libgcc.a(_epilogue.o)
 .text          0x0000000000000236        0x0 /usr/lib/gcc/avr/5.4.0/avr5/libgcc.a(_ashldi3.o)
 .text          0x0000000000000236        0x0 /usr/lib/gcc/avr/5.4.0/avr5/libgcc.a(_ashrdi3.o)
 .text          0x0000000000000236        0x0 /usr/lib/gcc/avr/5.4.0/avr5/libgcc.a(_adddi3.o)
 .text          0x0000000000000236        0x0 /usr/lib/gcc/avr/5.4.0/avr5/libgcc.a(_udivmodhi4.o)
 .text          0x0000000000000236        0x0 /usr/lib/gcc/avr/5.4.0/avr5/libgcc.a(_udivmodsi4.o)
 .text          0x0000000000000236        0x0 /usr/lib/gcc/avr/5.4.0/avr5/libgcc.a(_umulhisi3.o)
 .text          0x0000000000000236        0x0 /usr/lib/gcc/avr/5.4.0/../../../avr/lib/avr5/libc.a(ftoa_engine.o)
 .text          0x0000000000000236        0x0 /usr/lib/gcc/avr/5.4.0/../../../avr/lib/avr5/libc.a(isspace.o)
 .text          0x0000000000000236        0x0 /usr/lib/gcc/avr/5.4.0/../../../avr/lib/avr5/libc.a(tolower.o)
 .text          0x0000000000000236        0x0 /usr/lib/gcc/avr/5.4.0/../../../avr/lib/avr5/libc.a(strchr_P.o)
 .text          0x0000000000000236        0x0 /usr/lib/gcc/avr/5.4.0/../../../avr/lib/avr5/libc.a(strnlen_P.o)
 .text          0x0000000000000236        0x0 /usr/lib/gcc/avr/5.4.0/../../../avr/lib/avr5/libc.a(strnlen.o)
 .text          0x0000000000000236        0x0 /usr/lib/gcc/avr/5.4.0/../../../avr/lib/avr5/libc.a(fgetc.o)
 .text          0x0000000000000236        0x0 /usr/lib/gcc/avr/5.4.0/../../../avr/lib/avr5/libc.a(fputc.o)
 .text          0x0000000000000236        0x0 /usr/lib/gcc/avr/5.4.0/../../../avr/lib/avr5/libc.a(iob.o)
 .text          0x0000000000000236        0x0 /usr/lib/gcc/avr/5.4.0/../../../avr/lib/avr5/libc.a(printf.o)
 .text          0x0000000000000236        0x0 /usr/lib/gcc/avr/5.4.0/../../../avr/lib/avr5/libc.a(puts.o)
 .text          0x0000000000000236        0x0 /usr/lib/gcc/avr/5.4.0/../../../avr/lib/avr5/libc.a(scanf.o)
 .text          0x0000000000000236        0x0 /usr/lib/gcc/avr/5.4.0/../../../avr/lib/avr5/libc.a(ungetc.o)
 .text          0x0000000000000236        0x0 /usr/lib/gcc/avr/5.4.0/../../../avr/lib/avr5/libc.a(ultoa_invert.o)
 .text          0x0000000000000236        0x0 /usr/lib/gcc/avr/5.4.0/../../../avr/lib/avr5/libc.a(cty_isfalse.o)
                0x0000000000000236                . = ALIGN (0x2)
 *(.text.*)
 .text.startup  0x0000000000000236      0x7aa types.o
                0x0000000000000236                main
 .text.avr-libc
                0x00000000000009e0      0x6fa /usr/lib/gcc/avr/5.4.0/../../../avr/lib/avr5/libprintf_flt.a(vfprintf_flt.o)
                0x00000000000009e0                vfprintf
 .text.avr-libc
                0x00000000000010da      0x81c /usr/lib/gcc/avr/5.4.0/../../../avr/lib/avr5/libscanf_flt.a(vfscanf_flt.o)
                0x0000000000001692                vfscanf
 .text.avr-libc.fplib
                0x00000000000018f6        0xe /usr/lib/gcc/avr/5.4.0/../../../avr/lib/avr5/libm.a(addsf3.o)
                0x00000000000018f6                __subsf3
                0x00000000000018f8                __addsf3
 .text.avr-libc.fplib
                0x0000000000001904       0xcc /usr/lib/gcc/avr/5.4.0/../../../avr/lib/avr5/libm.a(addsf3x.o)
                0x0000000000001926                __addsf3x
 .text.avr-libc.fplib
                0x00000000000019d0        0x8 /usr/lib/gcc/avr/5.4.0/../../../avr/lib/avr5/libm.a(divsf3.o)
                0x00000000000019d0                __divsf3
 .text.avr-libc.fplib
                0x00000000000019d8       0xdc /usr/lib/gcc/avr/5.4.0/../../../avr/lib/avr5/libm.a(divsf3x.o)
                0x00000000000019f8                __divsf3x
                0x00000000000019fe                __divsf3_pse
 .text.avr-libc.fplib
                0x0000000000001ab4       0x7a /usr/lib/gcc/avr/5.4.0/../../../avr/lib/avr5/libm.a(floatsisf.o)
                0x0000000000001ab4                __floatunsisf
                0x0000000000001ab8                __floatsisf
 .text.avr-libc.fplib
                0x0000000000001b2e        0xc /usr/lib/gcc/avr/5.4.0/../../../avr/lib/avr5/libm.a(fp_inf.o)
                0x0000000000001b2e                __fp_inf
 .text.avr-libc.fplib
                0x0000000000001b3a        0x6 /usr/lib/gcc/avr/5.4.0/../../../avr/lib/avr5/libm.a(fp_nan.o)
                0x0000000000001b3a                __fp_nan
 .text.avr-libc.fplib
                0x0000000000001b40        0xe /usr/lib/gcc/avr/5.4.0/../../../avr/lib/avr5/libm.a(fp_pscA.o)
                0x0000000000001b40                __fp_pscA
 .text.avr-libc.fplib
                0x0000000000001b4e        0xe /usr/lib/gcc/avr/5.4.0/../../../avr/lib/avr5/libm.a(fp_pscB.o)
                0x0000000000001b4e                __fp_pscB
 .text.avr-libc.fplib
                0x0000000000001b5c       0x22 /usr/lib/gcc/avr/5.4.0/../../../avr/lib/avr5/libm.a(fp_round.o)
                0x0000000000001b5c                __fp_round
 .text.avr-libc.fplib
                0x0000000000001b7e       0x44 /usr/lib/gcc/avr/5.4.0/../../../avr/lib/avr5/libm.a(fp_split3.o)
                0x0000000000001b7e                __fp_split3
                0x0000000000001b8e                __fp_splitA
 .text.avr-libc.fplib
                0x0000000000001bc2        0xe /usr/lib/gcc/avr/5.4.0/../../../avr/lib/avr5/libm.a(fp_zero.o)
                0x0000000000001bc2                __fp_zero
                0x0000000000001bc4                __fp_szero
 .text.avr-libc.fplib
                0x0000000000001bd0        0x8 /usr/lib/gcc/avr/5.4.0/../../../avr/lib/avr5/libm.a(mulsf3.o)
                0x0000000000001bd0                __mulsf3
 .text.avr-libc.fplib
                0x0000000000001bd8       0xd2 /usr/lib/gcc/avr/5.4.0/../../../avr/lib/avr5/libm.a(mulsf3x.o)
                0x0000000000001bf6                __mulsf3x
                0x0000000000001bfc                __mulsf3_pse
 .text.libgcc.mul
                0x0000000000001caa       0x20 /usr/lib/gcc/avr/5.4.0/avr5/libgcc.a(_mulsi3.o)
                0x0000000000001caa                __mulsi3
 .text.libgcc.div
                0x0000000000001cca        0x0 /usr/lib/gcc/avr/5.4.0/avr5/libgcc.a(_mulsi3.o)
 .text.libgcc   0x0000000000001cca        0x0 /usr/lib/gcc/avr/5.4.0/avr5/libgcc.a(_mulsi3.o)
 .text.libgcc.prologue
                0x0000000000001cca        0x0 /usr/lib/gcc/avr/5.4.0/avr5/libgcc.a(_mulsi3.o)
 .text.libgcc.builtins
                0x0000000000001cca        0x0 /usr/lib/gcc/avr/5.4.0/avr5/libgcc.a(_mulsi3.o)
 .text.libgcc.fmul
                0x0000000000001cca        0x0 /usr/lib/gcc/avr/5.4.0/avr5/libgcc.a(_mulsi3.o)
 .text.libgcc.fixed
                0x0000000000001cca        0x0 /usr/lib/gcc/avr/5.4.0/avr5/libgcc.a(_mulsi3.o)
 .text.libgcc.mul
                0x0000000000001cca        0x0 /usr/lib/gcc/avr/5.4.0/avr5/libgcc.a(_divmodhi4.o)
 .text.libgcc.div
                0x0000000000001cca       0x28 /usr/lib/gcc/avr/5.4.0/avr5/libgcc.a(_divmodhi4.o)
                0x0000000000001cca                __divmodhi4
                0x0000000000001cca                _div
 .text.libgcc   0x0000000000001cf2        0x0 /usr/lib/gcc/avr/5.4.0/avr5/libgcc.a(_divmodhi4.o)
 .text.libgcc.prologue
                0x0000000000001cf2        0x0 /usr/lib/gcc/avr/5.4.0/avr5/libgcc.a(_divmodhi4.o)
 .text.libgcc.builtins
                0x0000000000001cf2        0x0 /usr/lib/gcc/avr/5.4.0/avr5/libgcc.a(_divmodhi4.o)
 .text.libgcc.fmul
                0x0000000000001cf2        0x0 /usr/lib/gcc/avr/5.4.0/avr5/libgcc.a(_divmodhi4.o)
 .text.libgcc.fixed
                0x0000000000001cf2        0x0 /usr/lib/gcc/avr/5.4.0/avr5/libgcc.a(_divmodhi4.o)
 .text.libgcc.mul
                0x0000000000001cf2        0x0 /usr/lib/gcc/avr/5.4.0/avr5/libgcc.a(_divmodsi4.o)
 .text.libgcc.div
                0x0000000000001cf2       0x2e /usr/lib/gcc/avr/5.4.0/avr5/libgcc.a(_divmodsi4.o)
                0x0000000000001cf2                __divmodsi4
 .text.libgcc   0x0000000000001d20        0x0 /usr/lib/gcc/avr/5.4.0/avr5/libgcc.a(_divmodsi4.o)
 .text.libgcc.prologue
                0x0000000000001d20        0x0 /usr/lib/gcc/avr/5.4.0/avr5/libgcc.a(_divmodsi4.o)
 .text.libgcc.builtins
                0x0000000000001d20        0x0 /usr/lib/gcc/avr/5.4.0/avr5/libgcc.a(_divmodsi4.o)
 .text.libgcc.fmul
                0x0000000000001d20        0x0 /usr/lib/gcc/avr/5.4.0/avr5/libgcc.a(_divmodsi4.o)
 .text.libgcc.fixed
                0x0000000000001d20        0x0 /usr/lib/gcc/avr/5.4.0/avr5/libgcc.a(_divmodsi4.o)
 .text.libgcc.mul
                0x0000000000001d20        0x0 /usr/lib/gcc/avr/5.4.0/avr5/libgcc.a(_negsi2.o)
 .text.libgcc.div
                0x0000000000001d20       0x10 /usr/lib/gcc/avr/5.4.0/avr5/libgcc.a(_negsi2.o)
                0x0000000000001d20                __negsi2
 .text.libgcc   0x0000000000001d30        0x0 /usr/lib/gcc/avr/5.4.0/avr5/libgcc.a(_negsi2.o)
 .text.libgcc.prologue
                0x0000000000001d30        0x0 /usr/lib/gcc/avr/5.4.0/avr5/libgcc.a(_negsi2.o)
 .text.libgcc.builtins
                0x0000000000001d30        0x0 /usr/lib/gcc/avr/5.4.0/avr5/libgcc.a(_negsi2.o)
 .text.libgcc.fmul
                0x0000000000001d30        0x0 /usr/lib/gcc/avr/5.4.0/avr5/libgcc.a(_negsi2.o)
 .text.libgcc.fixed
                0x0000000000001d30        0x0 /usr/lib/gcc/avr/5.4.0/avr5/libgcc.a(_negsi2.o)
 .text.libgcc.mul
                0x0000000000001d30        0x0 /usr/lib/gcc/avr/5.4.0/avr5/libgcc.a(_exit.o)
 .text.libgcc.div
                0x0000000000001d30        0x0 /usr/lib/gcc/avr/5.4.0/avr5/libgcc.a(_exit.o)
 .text.libgcc   0x0000000000001d30        0x0 /usr/lib/gcc/avr/5.4.0/avr5/libgcc.a(_exit.o)
 .text.libgcc.prologue
                0x0000000000001d30        0x0 /usr/lib/gcc/avr/5.4.0/avr5/libgcc.a(_exit.o)
 .text.libgcc.builtins
                0x0000000000001d30        0x0 /usr/lib/gcc/avr/5.4.0/avr5/libgcc.a(_exit.o)
 .text.libgcc.fmul
                0x0000000000001d30        0x0 /usr/lib/gcc/avr/5.4.0/avr5/libgcc.a(_exit.o)
 .text.libgcc.fixed
                0x0000000000001d30        0x0 /usr/lib/gcc/avr/5.4.0/avr5/libgcc.a(_exit.o)
 .text.libgcc.mul
                0x0000000000001d30        0x0 /usr/lib/gcc/avr/5.4.0/avr5/libgcc.a(_copy_data.o)
 .text.libgcc.div
                0x0000000000001d30        0x0 /usr/lib/gcc/avr/5.4.0/avr5/libgcc.a(_copy_data.o)
 .text.libgcc   0x0000000000001d30        0x0 /usr/lib/gcc/avr/5.4.0/avr5/libgcc.a(_copy_data.o)
 .text.libgcc.prologue
                0x0000000000001d30        0x0 /usr/lib/gcc/avr/5.4.0/avr5/libgcc.a(_copy_data.o)
 .text.libgcc.builtins
                0x0000000000001d30        0x0 /usr/lib/gcc/avr/5.4.0/avr5/libgcc.a(_copy_data.o)
 .text.libgcc.fmul
                0x0000000000001d30        0x0 /usr/lib/gcc/avr/5.4.0/avr5/libgcc.a(_copy_data.o)
 .text.libgcc.fixed
                0x0000000000001d30        0x0 /usr/lib/gcc/avr/5.4.0/avr5/libgcc.a(_copy_data.o)
 .text.libgcc.mul
                0x0000000000001d30        0x0 /usr/lib/gcc/avr/5.4.0/avr5/libgcc.a(_clear_bss.o)
 .text.libgcc.div
                0x0000000000001d30        0x0 /usr/lib/gcc/avr/5.4.0/avr5/libgcc.a(_clear_bss.o)
 .text.libgcc   0x0000000000001d30        0x0 /usr/lib/gcc/avr/5.4.0/avr5/libgcc.a(_clear_bss.o)
 .text.libgcc.prologue
                0x0000000000001d30        0x0 /usr/lib/gcc/avr/5.4.0/avr5/libgcc.a(_clear_bss.o)
 .text.libgcc.builtins
                0x0000000000001d30        0x0 /usr/lib/gcc/avr/5.4.0/avr5/libgcc.a(_clear_bss.o)
 .text.libgcc.fmul
                0x0000000000001d30        0x0 /usr/lib/gcc/avr/5.4.0/avr5/libgcc.a(_clear_bss.o)
 .text.libgcc.fixed
                0x0000000000001d30        0x0 /usr/lib/gcc/avr/5.4.0/avr5/libgcc.a(_clear_bss.o)
 .text.libgcc.mul
                0x0000000000001d30       0x16 /usr/lib/gcc/avr/5.4.0/avr5/libgcc.a(_muluhisi3.o)
                0x0000000000001d30                __muluhisi3
 .text.libgcc.div
                0x0000000000001d46        0x0 /usr/lib/gcc/avr/5.4.0/avr5/libgcc.a(_muluhisi3.o)
 .text.libgcc   0x0000000000001d46        0x0 /usr/lib/gcc/avr/5.4.0/avr5/libgcc.a(_muluhisi3.o)
 .text.libgcc.prologue
                0x0000000000001d46        0x0 /usr/lib/gcc/avr/5.4.0/avr5/libgcc.a(_muluhisi3.o)
 .text.libgcc.builtins
                0x0000000000001d46        0x0 /usr/lib/gcc/avr/5.4.0/avr5/libgcc.a(_muluhisi3.o)
 .text.libgcc.fmul
                0x0000000000001d46        0x0 /usr/lib/gcc/avr/5.4.0/avr5/libgcc.a(_muluhisi3.o)
 .text.libgcc.fixed
                0x0000000000001d46        0x0 /usr/lib/gcc/avr/5.4.0/avr5/libgcc.a(_muluhisi3.o)
 .text.libgcc.mul
                0x0000000000001d46       0xa0 /usr/lib/gcc/avr/5.4.0/avr5/libgcc.a(_muldi3.o)
                0x0000000000001d46                __muldi3
 .text.libgcc.div
                0x0000000000001de6        0x0 /usr/lib/gcc/avr/5.4.0/avr5/libgcc.a(_muldi3.o)
 .text.libgcc   0x0000000000001de6        0x0 /usr/lib/gcc/avr/5.4.0/avr5/libgcc.a(_muldi3.o)
 .text.libgcc.prologue
                0x0000000000001de6        0x0 /usr/lib/gcc/avr/5.4.0/avr5/libgcc.a(_muldi3.o)
 .text.libgcc.builtins
                0x0000000000001de6        0x0 /usr/lib/gcc/avr/5.4.0/avr5/libgcc.a(_muldi3.o)
 .text.libgcc.fmul
                0x0000000000001de6        0x0 /usr/lib/gcc/avr/5.4.0/avr5/libgcc.a(_muldi3.o)
 .text.libgcc.fixed
                0x0000000000001de6        0x0 /usr/lib/gcc/avr/5.4.0/avr5/libgcc.a(_muldi3.o)
 .text.libgcc.mul
                0x0000000000001de6       0x12 /usr/lib/gcc/avr/5.4.0/avr5/libgcc.a(_muldi3_6.o)
                0x0000000000001de6                __muldi3_6
 .text.libgcc.div
                0x0000000000001df8        0x0 /usr/lib/gcc/avr/5.4.0/avr5/libgcc.a(_muldi3_6.o)
 .text.libgcc   0x0000000000001df8        0x0 /usr/lib/gcc/avr/5.4.0/avr5/libgcc.a(_muldi3_6.o)
 .text.libgcc.prologue
                0x0000000000001df8        0x0 /usr/lib/gcc/avr/5.4.0/avr5/libgcc.a(_muldi3_6.o)
 .text.libgcc.builtins
                0x0000000000001df8        0x0 /usr/lib/gcc/avr/5.4.0/avr5/libgcc.a(_muldi3_6.o)
 .text.libgcc.fmul
                0x0000000000001df8        0x0 /usr/lib/gcc/avr/5.4.0/avr5/libgcc.a(_muldi3_6.o)
 .text.libgcc.fixed
                0x0000000000001df8        0x0 /usr/lib/gcc/avr/5.4.0/avr5/libgcc.a(_muldi3_6.o)
 .text.libgcc.mul
                0x0000000000001df8        0x0 /usr/lib/gcc/avr/5.4.0/avr5/libgcc.a(_divdi3.o)
 .text.libgcc.div
                0x0000000000001df8       0x62 /usr/lib/gcc/avr/5.4.0/avr5/libgcc.a(_divdi3.o)
                0x0000000000001df8                __moddi3
                0x0000000000001dfc                __divdi3
                0x0000000000001dfe                __divdi3_moddi3
 .text.libgcc   0x0000000000001e5a        0x0 /usr/lib/gcc/avr/5.4.0/avr5/libgcc.a(_divdi3.o)
 .text.libgcc.prologue
                0x0000000000001e5a        0x0 /usr/lib/gcc/avr/5.4.0/avr5/libgcc.a(_divdi3.o)
 .text.libgcc.builtins
                0x0000000000001e5a        0x0 /usr/lib/gcc/avr/5.4.0/avr5/libgcc.a(_divdi3.o)
 .text.libgcc.fmul
                0x0000000000001e5a        0x0 /usr/lib/gcc/avr/5.4.0/avr5/libgcc.a(_divdi3.o)
 .text.libgcc.fixed
                0x0000000000001e5a        0x0 /usr/lib/gcc/avr/5.4.0/avr5/libgcc.a(_divdi3.o)
 .text.libgcc.mul
                0x0000000000001e5a        0x0 /usr/lib/gcc/avr/5.4.0/avr5/libgcc.a(_udivdi3.o)
 .text.libgcc.div
                0x0000000000001e5a       0x1c /usr/lib/gcc/avr/5.4.0/avr5/libgcc.a(_udivdi3.o)
                0x0000000000001e5a                __umoddi3
                0x0000000000001e5e                __udivdi3
                0x0000000000001e60                __udivdi3_umoddi3
 .text.libgcc   0x0000000000001e76        0x0 /usr/lib/gcc/avr/5.4.0/avr5/libgcc.a(_udivdi3.o)
 .text.libgcc.prologue
                0x0000000000001e76        0x0 /usr/lib/gcc/avr/5.4.0/avr5/libgcc.a(_udivdi3.o)
 .text.libgcc.builtins
                0x0000000000001e76        0x0 /usr/lib/gcc/avr/5.4.0/avr5/libgcc.a(_udivdi3.o)
 .text.libgcc.fmul
                0x0000000000001e76        0x0 /usr/lib/gcc/avr/5.4.0/avr5/libgcc.a(_udivdi3.o)
 .text.libgcc.fixed
                0x0000000000001e76        0x0 /usr/lib/gcc/avr/5.4.0/avr5/libgcc.a(_udivdi3.o)
 .text.libgcc.mul
                0x0000000000001e76        0x0 /usr/lib/gcc/avr/5.4.0/avr5/libgcc.a(_udivmod64.o)
 .text.libgcc.div
                0x0000000000001e76       0xa2 /usr/lib/gcc/avr/5.4.0/avr5/libgcc.a(_udivmod64.o)
                0x0000000000001e76                __udivmod64
 .text.libgcc   0x0000000000001f18        0x0 /usr/lib/gcc/avr/5.4.0/avr5/libgcc.a(_udivmod64.o)
 .text.libgcc.prologue
                0x0000000000001f18        0x0 /usr/lib/gcc/avr/5.4.0/avr5/libgcc.a(_udivmod64.o)
 .text.libgcc.builtins
                0x0000000000001f18        0x0 /usr/lib/gcc/avr/5.4.0/avr5/libgcc.a(_udivmod64.o)
 .text.libgcc.fmul
                0x0000000000001f18        0x0 /usr/lib/gcc/avr/5.4.0/avr5/libgcc.a(_udivmod64.o)
 .text.libgcc.fixed
                0x0000000000001f18        0x0 /usr/lib/gcc/avr/5.4.0/avr5/libgcc.a(_udivmod64.o)
 .text.libgcc.mul
                0x0000000000001f18        0x0 /usr/lib/gcc/avr/5.4.0/avr5/libgcc.a(_negdi2.o)
 .text.libgcc.div
                0x0000000000001f18        0x0 /usr/lib/gcc/avr/5.4.0/avr5/libgcc.a(_negdi2.o)
 .text.libgcc   0x0000000000001f18       0x20 /usr/lib/gcc/avr/5.4.0/avr5/libgcc.a(_negdi2.o)
                0x0000000000001f18                __negdi2
 .text.libgcc.prologue
                0x0000000000001f38        0x0 /usr/lib/gcc/avr/5.4.0/avr5/libgcc.a(_negdi2.o)
 .text.libgcc.builtins
                0x0000000000001f38        0x0 /usr/lib/gcc/avr/5.4.0/avr5/libgcc.a(_negdi2.o)
 .text.libgcc.fmul
                0x0000000000001f38        0x0 /usr/lib/gcc/avr/5.4.0/avr5/libgcc.a(_negdi2.o)
 .text.libgcc.fixed
                0x0000000000001f38        0x0 /usr/lib/gcc/avr/5.4.0/avr5/libgcc.a(_negdi2.o)
 .text.libgcc.mul
                0x0000000000001f38        0x0 /usr/lib/gcc/avr/5.4.0/avr5/libgcc.a(_prologue.o)
 .text.libgcc.div
                0x0000000000001f38        0x0 /usr/lib/gcc/avr/5.4.0/avr5/libgcc.a(_prologue.o)
 .text.libgcc   0x0000000000001f38        0x0 /usr/lib/gcc/avr/5.4.0/avr5/libgcc.a(_prologue.o)
 .text.libgcc.prologue
                0x0000000000001f38       0x38 /usr/lib/gcc/avr/5.4.0/avr5/libgcc.a(_prologue.o)
                0x0000000000001f38                __prologue_saves__
 .text.libgcc.builtins
                0x0000000000001f70        0x0 /usr/lib/gcc/avr/5.4.0/avr5/libgcc.a(_prologue.o)
 .text.libgcc.fmul
                0x0000000000001f70        0x0 /usr/lib/gcc/avr/5.4.0/avr5/libgcc.a(_prologue.o)
 .text.libgcc.fixed
                0x0000000000001f70        0x0 /usr/lib/gcc/avr/5.4.0/avr5/libgcc.a(_prologue.o)
 .text.libgcc.mul
                0x0000000000001f70        0x0 /usr/lib/gcc/avr/5.4.0/avr5/libgcc.a(_epilogue.o)
 .text.libgcc.div
                0x0000000000001f70        0x0 /usr/lib/gcc/avr/5.4.0/avr5/libgcc.a(_epilogue.o)
 .text.libgcc   0x0000000000001f70        0x0 /usr/lib/gcc/avr/5.4.0/avr5/libgcc.a(_epilogue.o)
 .text.libgcc.prologue
                0x0000000000001f70       0x36 /usr/lib/gcc/avr/5.4.0/avr5/libgcc.a(_epilogue.o)
                0x0000000000001f70                __epilogue_restores__
 .text.libgcc.builtins
                0x0000000000001fa6        0x0 /usr/lib/gcc/avr/5.4.0/avr5/libgcc.a(_epilogue.o)
 .text.libgcc.fmul
                0x0000000000001fa6        0x0 /usr/lib/gcc/avr/5.4.0/avr5/libgcc.a(_epilogue.o)
 .text.libgcc.fixed
                0x0000000000001fa6        0x0 /usr/lib/gcc/avr/5.4.0/avr5/libgcc.a(_epilogue.o)
 .text.libgcc.mul
                0x0000000000001fa6        0x0 /usr/lib/gcc/avr/5.4.0/avr5/libgcc.a(_ashldi3.o)
 .text.libgcc.div
                0x0000000000001fa6        0x0 /usr/lib/gcc/avr/5.4.0/avr5/libgcc.a(_ashldi3.o)
 .text.libgcc   0x0000000000001fa6        0x0 /usr/lib/gcc/avr/5.4.0/avr5/libgcc.a(_ashldi3.o)
 .text.libgcc.prologue
                0x0000000000001fa6        0x0 /usr/lib/gcc/avr/5.4.0/avr5/libgcc.a(_ashldi3.o)
 .text.libgcc.builtins
                0x0000000000001fa6       0x32 /usr/lib/gcc/avr/5.4.0/avr5/libgcc.a(_ashldi3.o)
                0x0000000000001fa6                __ashldi3
 .text.libgcc.fmul
                0x0000000000001fd8        0x0 /usr/lib/gcc/avr/5.4.0/avr5/libgcc.a(_ashldi3.o)
 .text.libgcc.fixed
                0x0000000000001fd8        0x0 /usr/lib/gcc/avr/5.4.0/avr5/libgcc.a(_ashldi3.o)
 .text.libgcc.mul
                0x0000000000001fd8        0x0 /usr/lib/gcc/avr/5.4.0/avr5/libgcc.a(_ashrdi3.o)
 .text.libgcc.div
                0x0000000000001fd8        0x0 /usr/lib/gcc/avr/5.4.0/avr5/libgcc.a(_ashrdi3.o)
 .text.libgcc   0x0000000000001fd8        0x0 /usr/lib/gcc/avr/5.4.0/avr5/libgcc.a(_ashrdi3.o)
 .text.libgcc.prologue
                0x0000000000001fd8        0x0 /usr/lib/gcc/avr/5.4.0/avr5/libgcc.a(_ashrdi3.o)
 .text.libgcc.builtins
                0x0000000000001fd8       0x3c /usr/lib/gcc/avr/5.4.0/avr5/libgcc.a(_ashrdi3.o)
                0x0000000000001fd8                __ashrdi3
                0x0000000000001fdc                __lshrdi3
 .text.libgcc.fmul
                0x0000000000002014        0x0 /usr/lib/gcc/avr/5.4.0/avr5/libgcc.a(_ashrdi3.o)
 .text.libgcc.fixed
                0x0000000000002014        0x0 /usr/lib/gcc/avr/5.4.0/avr5/libgcc.a(_ashrdi3.o)
 .text.libgcc.mul
                0x0000000000002014        0x0 /usr/lib/gcc/avr/5.4.0/avr5/libgcc.a(_adddi3.o)
 .text.libgcc.div
                0x0000000000002014        0x0 /usr/lib/gcc/avr/5.4.0/avr5/libgcc.a(_adddi3.o)
 .text.libgcc   0x0000000000002014       0x12 /usr/lib/gcc/avr/5.4.0/avr5/libgcc.a(_adddi3.o)
                0x0000000000002014                __adddi3
 .text.libgcc.prologue
                0x0000000000002026        0x0 /usr/lib/gcc/avr/5.4.0/avr5/libgcc.a(_adddi3.o)
 .text.libgcc.builtins
                0x0000000000002026        0x0 /usr/lib/gcc/avr/5.4.0/avr5/libgcc.a(_adddi3.o)
 .text.libgcc.fmul
                0x0000000000002026        0x0 /usr/lib/gcc/avr/5.4.0/avr5/libgcc.a(_adddi3.o)
 .text.libgcc.fixed
                0x0000000000002026        0x0 /usr/lib/gcc/avr/5.4.0/avr5/libgcc.a(_adddi3.o)
 .text.libgcc.mul
                0x0000000000002026        0x0 /usr/lib/gcc/avr/5.4.0/avr5/libgcc.a(_udivmodhi4.o)
 .text.libgcc.div
                0x0000000000002026       0x28 /usr/lib/gcc/avr/5.4.0/avr5/libgcc.a(_udivmodhi4.o)
                0x0000000000002026                __udivmodhi4
 .text.libgcc   0x000000000000204e        0x0 /usr/lib/gcc/avr/5.4.0/avr5/libgcc.a(_udivmodhi4.o)
 .text.libgcc.prologue
                0x000000000000204e        0x0 /usr/lib/gcc/avr/5.4.0/avr5/libgcc.a(_udivmodhi4.o)
 .text.libgcc.builtins
                0x000000000000204e        0x0 /usr/lib/gcc/avr/5.4.0/avr5/libgcc.a(_udivmodhi4.o)
 .text.libgcc.fmul
                0x000000000000204e        0x0 /usr/lib/gcc/avr/5.4.0/avr5/libgcc.a(_udivmodhi4.o)
 .text.libgcc.fixed
                0x000000000000204e        0x0 /usr/lib/gcc/avr/5.4.0/avr5/libgcc.a(_udivmodhi4.o)
 .text.libgcc.mul
                0x000000000000204e        0x0 /usr/lib/gcc/avr/5.4.0/avr5/libgcc.a(_udivmodsi4.o)
 .text.libgcc.div
                0x000000000000204e       0x44 /usr/lib/gcc/avr/5.4.0/avr5/libgcc.a(_udivmodsi4.o)
                0x000000000000204e                __udivmodsi4
 .text.libgcc   0x0000000000002092        0x0 /usr/lib/gcc/avr/5.4.0/avr5/libgcc.a(_udivmodsi4.o)
 .text.libgcc.prologue
                0x0000000000002092        0x0 /usr/lib/gcc/avr/5.4.0/avr5/libgcc.a(_udivmodsi4.o)
 .text.libgcc.builtins
                0x0000000000002092        0x0 /usr/lib/gcc/avr/5.4.0/avr5/libgcc.a(_udivmodsi4.o)
 .text.libgcc.fmul
                0x0000000000002092        0x0 /usr/lib/gcc/avr/5.4.0/avr5/libgcc.a(_udivmodsi4.o)
 .text.libgcc.fixed
                0x0000000000002092        0x0 /usr/lib/gcc/avr/5.4.0/avr5/libgcc.a(_udivmodsi4.o)
 .text.libgcc.mul
                0x0000000000002092       0x1e /usr/lib/gcc/avr/5.4.0/avr5/libgcc.a(_umulhisi3.o)
                0x0000000000002092                __umulhisi3
 .text.libgcc.div
                0x00000000000020b0        0x0 /usr/lib/gcc/avr/5.4.0/avr5/libgcc.a(_umulhisi3.o)
 .text.libgcc   0x00000000000020b0        0x0 /usr/lib/gcc/avr/5.4.0/avr5/libgcc.a(_umulhisi3.o)
 .text.libgcc.prologue
                0x00000000000020b0        0x0 /usr/lib/gcc/avr/5.4.0/avr5/libgcc.a(_umulhisi3.o)
 .text.libgcc.builtins
                0x00000000000020b0        0x0 /usr/lib/gcc/avr/5.4.0/avr5/libgcc.a(_umulhisi3.o)
 .text.libgcc.fmul
                0x00000000000020b0        0x0 /usr/lib/gcc/avr/5.4.0/avr5/libgcc.a(_umulhisi3.o)
 .text.libgcc.fixed
                0x00000000000020b0        0x0 /usr/lib/gcc/avr/5.4.0/avr5/libgcc.a(_umulhisi3.o)
 .text.avr-libc
                0x00000000000020b0      0x1b0 /usr/lib/gcc/avr/5.4.0/../../../avr/lib/avr5/libc.a(ftoa_engine.o)
                0x00000000000020b0                __ftoa_engine
 .text.avr-libc
                0x0000000000002260       0x12 /usr/lib/gcc/avr/5.4.0/../../../avr/lib/avr5/libc.a(isspace.o)
                0x0000000000002260                isspace
 .text.avr-libc
                0x0000000000002272       0x10 /usr/lib/gcc/avr/5.4.0/../../../avr/lib/avr5/libc.a(tolower.o)
                0x0000000000002272                tolower
 .text.avr-libc
                0x0000000000002282       0x16 /usr/lib/gcc/avr/5.4.0/../../../avr/lib/avr5/libc.a(strchr_P.o)
                0x0000000000002282                strchr_P
 .text.avr-libc
                0x0000000000002298       0x16 /usr/lib/gcc/avr/5.4.0/../../../avr/lib/avr5/libc.a(strnlen_P.o)
                0x0000000000002298                strnlen_P
 .text.avr-libc
                0x00000000000022ae       0x16 /usr/lib/gcc/avr/5.4.0/../../../avr/lib/avr5/libc.a(strnlen.o)
                0x00000000000022ae                strnlen
 .text.avr-libc
                0x00000000000022c4       0x7c /usr/lib/gcc/avr/5.4.0/../../../avr/lib/avr5/libc.a(fgetc.o)
                0x00000000000022c4                fgetc
 .text.avr-libc
                0x0000000000002340       0x78 /usr/lib/gcc/avr/5.4.0/../../../avr/lib/avr5/libc.a(fputc.o)
                0x0000000000002340                fputc
 .text.avr-libc
                0x00000000000023b8       0x2c /usr/lib/gcc/avr/5.4.0/../../../avr/lib/avr5/libc.a(printf.o)
                0x00000000000023b8                printf
 .text.avr-libc
                0x00000000000023e4       0x60 /usr/lib/gcc/avr/5.4.0/../../../avr/lib/avr5/libc.a(puts.o)
                0x00000000000023e4                puts
 .text.avr-libc
                0x0000000000002444       0x2c /usr/lib/gcc/avr/5.4.0/../../../avr/lib/avr5/libc.a(scanf.o)
                0x0000000000002444                scanf
 .text.avr-libc
                0x0000000000002470       0x32 /usr/lib/gcc/avr/5.4.0/../../../avr/lib/avr5/libc.a(ungetc.o)
                0x0000000000002470                ungetc
 .text.avr-libc
                0x00000000000024a2       0xbc /usr/lib/gcc/avr/5.4.0/../../../avr/lib/avr5/libc.a(ultoa_invert.o)
                0x00000000000024a2                __ultoa_invert
 .text.avr-libc
                0x000000000000255e        0x6 /usr/lib/gcc/avr/5.4.0/../../../avr/lib/avr5/libc.a(cty_isfalse.o)
                0x000000000000255e                __ctype_isfalse
                0x0000000000002562                __ctype_istrue
                0x0000000000002564                . = ALIGN (0x2)
 *(.fini9)
 .fini9         0x0000000000002564        0x0 /usr/lib/gcc/avr/5.4.0/avr5/libgcc.a(_exit.o)
                0x0000000000002564                exit
                0x0000000000002564                _exit
 *(.fini9)
 *(.fini8)
 *(.fini8)
 *(.fini7)
 *(.fini7)
 *(.fini6)
 *(.fini6)
 *(.fini5)
 *(.fini5)
 *(.fini4)
 *(.fini4)
 *(.fini3)
 *(.fini3)
 *(.fini2)
 *(.fini2)
 *(.fini1)
 *(.fini1)
 *(.fini0)
 .fini0         0x0000000000002564        0x4 /usr/lib/gcc/avr/5.4.0/avr5/libgcc.a(_exit.o)
 *(.fini0)
                0x0000000000002568                _etext = .

.data           0x0000000000800100      0x1f0 load address 0x0000000000002568
                0x0000000000800100                PROVIDE (__data_start, .)
 *(.data)
 .data          0x0000000000800100        0x0 /usr/lib/gcc/avr/5.4.0/../../../avr/lib/avr5/crtatmega328p.o
 .data          0x0000000000800100        0x0 types.o
 .data          0x0000000000800100        0x0 /usr/lib/gcc/avr/5.4.0/../../../avr/lib/avr5/libprintf_flt.a(vfprintf_flt.o)
 .data          0x0000000000800100        0x0 /usr/lib/gcc/avr/5.4.0/../../../avr/lib/avr5/libscanf_flt.a(vfscanf_flt.o)
 .data          0x0000000000800100        0x0 /usr/lib/gcc/avr/5.4.0/../../../avr/lib/avr5/libm.a(addsf3.o)
 .data          0x0000000000800100        0x0 /usr/lib/gcc/avr/5.4.0/../../../avr/lib/avr5/libm.a(addsf3x.o)
 .data          0x0000000000800100        0x0 /usr/lib/gcc/avr/5.4.0/../../../avr/lib/avr5/libm.a(divsf3.o)
 .data          0x0000000000800100        0x0 /usr/lib/gcc/avr/5.4.0/../../../avr/lib/avr5/libm.a(divsf3x.o)
 .data          0x0000000000800100        0x0 /usr/lib/gcc/avr/5.4.0/../../../avr/lib/avr5/libm.a(floatsisf.o)
 .data          0x0000000000800100        0x0 /usr/lib/gcc/avr/5.4.0/../../../avr/lib/avr5/libm.a(fp_inf.o)
 .data          0x0000000000800100        0x0 /usr/lib/gcc/avr/5.4.0/../../../avr/lib/avr5/libm.a(fp_nan.o)
 .data          0x0000000000800100        0x0 /usr/lib/gcc/avr/5.4.0/../../../avr/lib/avr5/libm.a(fp_pscA.o)
 .data          0x0000000000800100        0x0 /usr/lib/gcc/avr/5.4.0/../../../avr/lib/avr5/libm.a(fp_pscB.o)
 .data          0x0000000000800100        0x0 /usr/lib/gcc/avr/5.4.0/../../../avr/lib/avr5/libm.a(fp_round.o)
 .data          0x0000000000800100        0x0 /usr/lib/gcc/avr/5.4.0/../../../avr/lib/avr5/libm.a(fp_split3.o)
 .data          0x0000000000800100        0x0 /usr/lib/gcc/avr/5.4.0/../../../avr/lib/avr5/libm.a(fp_zero.o)
 .data          0x0000000000800100        0x0 /usr/lib/gcc/avr/5.4.0/../../../avr/lib/avr5/libm.a(mulsf3.o)
 .data          0x0000000000800100        0x0 /usr/lib/gcc/avr/5.4.0/../../../avr/lib/avr5/libm.a(mulsf3x.o)
 .data          0x0000000000800100        0x0 /usr/lib/gcc/avr/5.4.0/avr5/libgcc.a(_mulsi3.o)
 .data          0x0000000000800100        0x0 /usr/lib/gcc/avr/5.4.0/avr5/libgcc.a(_divmodhi4.o)
 .data          0x0000000000800100        0x0 /usr/lib/gcc/avr/5.4.0/avr5/libgcc.a(_divmodsi4.o)
 .data          0x0000000000800100        0x0 /usr/lib/gcc/avr/5.4.0/avr5/libgcc.a(_negsi2.o)
 .data          0x0000000000800100        0x0 /usr/lib/gcc/avr/5.4.0/avr5/libgcc.a(_exit.o)
 .data          0x0000000000800100        0x0 /usr/lib/gcc/avr/5.4.0/avr5/libgcc.a(_copy_data.o)
 .data          0x0000000000800100        0x0 /usr/lib/gcc/avr/5.4.0/avr5/libgcc.a(_clear_bss.o)
 .data          0x0000000000800100        0x0 /usr/lib/gcc/avr/5.4.0/avr5/libgcc.a(_muluhisi3.o)
 .data          0x0000000000800100        0x0 /usr/lib/gcc/avr/5.4.0/avr5/libgcc.a(_muldi3.o)
 .data          0x0000000000800100        0x0 /usr/lib/gcc/avr/5.4.0/avr5/libgcc.a(_muldi3_6.o)
 .data          0x0000000000800100        0x0 /usr/lib/gcc/avr/5.4.0/avr5/libgcc.a(_divdi3.o)
 .data          0x0000000000800100        0x0 /usr/lib/gcc/avr/5.4.0/avr5/libgcc.a(_udivdi3.o)
 .data          0x0000000000800100        0x0 /usr/lib/gcc/avr/5.4.0/avr5/libgcc.a(_udivmod64.o)
 .data          0x0000000000800100        0x0 /usr/lib/gcc/avr/5.4.0/avr5/libgcc.a(_negdi2.o)
 .data          0x0000000000800100        0x0 /usr/lib/gcc/avr/5.4.0/avr5/libgcc.a(_prologue.o)
 .data          0x0000000000800100        0x0 /usr/lib/gcc/avr/5.4.0/avr5/libgcc.a(_epilogue.o)
 .data          0x0000000000800100        0x0 /usr/lib/gcc/avr/5.4.0/avr5/libgcc.a(_ashldi3.o)
 .data          0x0000000000800100        0x0 /usr/lib/gcc/avr/5.4.0/avr5/libgcc.a(_ashrdi3.o)
 .data          0x0000000000800100        0x0 /usr/lib/gcc/avr/5.4.0/avr5/libgcc.a(_adddi3.o)
 .data          0x0000000000800100        0x0 /usr/lib/gcc/avr/5.4.0/avr5/libgcc.a(_udivmodhi4.o)
 .data          0x0000000000800100        0x0 /usr/lib/gcc/avr/5.4.0/avr5/libgcc.a(_udivmodsi4.o)
 .data          0x0000000000800100        0x0 /usr/lib/gcc/avr/5.4.0/avr5/libgcc.a(_umulhisi3.o)
 .data          0x0000000000800100        0x0 /usr/lib/gcc/avr/5.4.0/../../../avr/lib/avr5/libc.a(ftoa_engine.o)
 .data          0x0000000000800100        0x0 /usr/lib/gcc/avr/5.4.0/../../../avr/lib/avr5/libc.a(isspace.o)
 .data          0x0000000000800100        0x0 /usr/lib/gcc/avr/5.4.0/../../../avr/lib/avr5/libc.a(tolower.o)
 .data          0x0000000000800100        0x0 /usr/lib/gcc/avr/5.4.0/../../../avr/lib/avr5/libc.a(strchr_P.o)
 .data          0x0000000000800100        0x0 /usr/lib/gcc/avr/5.4.0/../../../avr/lib/avr5/libc.a(strnlen_P.o)
 .data          0x0000000000800100        0x0 /usr/lib/gcc/avr/5.4.0/../../../avr/lib/avr5/libc.a(strnlen.o)
 .data          0x0000000000800100        0x0 /usr/lib/gcc/avr/5.4.0/../../../avr/lib/avr5/libc.a(fgetc.o)
 .data          0x0000000000800100        0x0 /usr/lib/gcc/avr/5.4.0/../../../avr/lib/avr5/libc.a(fputc.o)
 .data          0x0000000000800100        0x0 /usr/lib/gcc/avr/5.4.0/../../../avr/lib/avr5/libc.a(iob.o)
 .data          0x0000000000800100        0x0 /usr/lib/gcc/avr/5.4.0/../../../avr/lib/avr5/libc.a(printf.o)
 .data          0x0000000000800100        0x0 /usr/lib/gcc/avr/5.4.0/../../../avr/lib/avr5/libc.a(puts.o)
 .data          0x0000000000800100        0x0 /usr/lib/gcc/avr/5.4.0/../../../avr/lib/avr5/libc.a(scanf.o)
 .data          0x0000000000800100        0x0 /usr/lib/gcc/avr/5.4.0/../../../avr/lib/avr5/libc.a(ungetc.o)
 .data          0x0000000000800100        0x0 /usr/lib/gcc/avr/5.4.0/../../../avr/lib/avr5/libc.a(ultoa_invert.o)
 .data          0x0000000000800100        0x0 /usr/lib/gcc/avr/5.4.0/../../../avr/lib/avr5/libc.a(cty_isfalse.o)
 *(.data*)
 *(.gnu.linkonce.d*)
 *(.rodata)
 *(.rodata*)
 .rodata.str1.1
                0x0000000000800100      0x1f0 types.o
                                        0x200 (size before relaxing)
 *(.gnu.linkonce.r*)
                0x00000000008002f0                . = ALIGN (0x2)
                0x00000000008002f0                _edata = .
                0x00000000008002f0                PROVIDE (__data_end, .)

.bss            0x00000000008002f0       0x14
                0x00000000008002f0                PROVIDE (__bss_start, .)
 *(.bss)
 .bss           0x00000000008002f0        0x0 /usr/lib/gcc/avr/5.4.0/../../../avr/lib/avr5/crtatmega328p.o
 .bss           0x00000000008002f0        0x0 types.o
 .bss           0x00000000008002f0        0x0 /usr/lib/gcc/avr/5.4.0/../../../avr/lib/avr5/libprintf_flt.a(vfprintf_flt.o)
 .bss           0x00000000008002f0        0x0 /usr/lib/gcc/avr/5.4.0/../../../avr/lib/avr5/libscanf_flt.a(vfscanf_flt.o)
 .bss           0x00000000008002f0        0x0 /usr/lib/gcc/avr/5.4.0/../../../avr/lib/avr5/libm.a(addsf3.o)
 .bss           0x00000000008002f0        0x0 /usr/lib/gcc/avr/5.4.0/../../../avr/lib/avr5/libm.a(addsf3x.o)
 .bss           0x00000000008002f0        0x0 /usr/lib/gcc/avr/5.4.0/../../../avr/lib/avr5/libm.a(divsf3.o)
 .bss           0x00000000008002f0        0x0 /usr/lib/gcc/avr/5.4.0/../../../avr/lib/avr5/libm.a(divsf3x.o)
 .bss           0x00000000008002f0        0x0 /usr/lib/gcc/avr/5.4.0/../../../avr/lib/avr5/libm.a(floatsisf.o)
 .bss           0x00000000008002f0        0x0 /usr/lib/gcc/avr/5.4.0/../../../avr/lib/avr5/libm.a(fp_inf.o)
 .bss           0x00000000008002f0        0x0 /usr/lib/gcc/avr/5.4.0/../../../avr/lib/avr5/libm.a(fp_nan.o)
 .bss           0x00000000008002f0        0x0 /usr/lib/gcc/avr/5.4.0/../../../avr/lib/avr5/libm.a(fp_pscA.o)
 .bss           0x00000000008002f0        0x0 /usr/lib/gcc/avr/5.4.0/../../../avr/lib/avr5/libm.a(fp_pscB.o)
 .bss           0x00000000008002f0        0x0 /usr/lib/gcc/avr/5.4.0/../../../avr/lib/avr5/libm.a(fp_round.o)
 .bss           0x00000000008002f0        0x0 /usr/lib/gcc/avr/5.4.0/../../../avr/lib/avr5/libm.a(fp_split3.o)
 .bss           0x00000000008002f0        0x0 /usr/lib/gcc/avr/5.4.0/../../../avr/lib/avr5/libm.a(fp_zero.o)
 .bss           0x00000000008002f0        0x0 /usr/lib/gcc/avr/5.4.0/../../../avr/lib/avr5/libm.a(mulsf3.o)
 .bss           0x00000000008002f0        0x0 /usr/lib/gcc/avr/5.4.0/../../../avr/lib/avr5/libm.a(mulsf3x.o)
 .bss           0x00000000008002f0        0x0 /usr/lib/gcc/avr/5.4.0/avr5/libgcc.a(_mulsi3.o)
 .bss           0x00000000008002f0        0x0 /usr/lib/gcc/avr/5.4.0/avr5/libgcc.a(_divmodhi4.o)
 .bss           0x00000000008002f0        0x0 /usr/lib/gcc/avr/5.4.0/avr5/libgcc.a(_divmodsi4.o)
 .bss           0x00000000008002f0        0x0 /usr/lib/gcc/avr/5.4.0/avr5/libgcc.a(_negsi2.o)
 .bss           0x00000000008002f0        0x0 /usr/lib/gcc/avr/5.4.0/avr5/libgcc.a(_exit.o)
 .bss           0x00000000008002f0        0x0 /usr/lib/gcc/avr/5.4.0/avr5/libgcc.a(_copy_data.o)
 .bss           0x00000000008002f0        0x0 /usr/lib/gcc/avr/5.4.0/avr5/libgcc.a(_clear_bss.o)
 .bss           0x00000000008002f0        0x0 /usr/lib/gcc/avr/5.4.0/avr5/libgcc.a(_muluhisi3.o)
 .bss           0x00000000008002f0        0x0 /usr/lib/gcc/avr/5.4.0/avr5/libgcc.a(_muldi3.o)
 .bss           0x00000000008002f0        0x0 /usr/lib/gcc/avr/5.4.0/avr5/libgcc.a(_muldi3_6.o)
 .bss           0x00000000008002f0        0x0 /usr/lib/gcc/avr/5.4.0/avr5/libgcc.a(_divdi3.o)
 .bss           0x00000000008002f0        0x0 /usr/lib/gcc/avr/5.4.0/avr5/libgcc.a(_udivdi3.o)
 .bss           0x00000000008002f0        0x0 /usr/lib/gcc/avr/5.4.0/avr5/libgcc.a(_udivmod64.o)
 .bss           0x00000000008002f0        0x0 /usr/lib/gcc/avr/5.4.0/avr5/libgcc.a(_negdi2.o)
 .bss           0x00000000008002f0        0x0 /usr/lib/gcc/avr/5.4.0/avr5/libgcc.a(_prologue.o)
 .bss           0x00000000008002f0        0x0 /usr/lib/gcc/avr/5.4.0/avr5/libgcc.a(_epilogue.o)
 .bss           0x00000000008002f0        0x0 /usr/lib/gcc/avr/5.4.0/avr5/libgcc.a(_ashldi3.o)
 .bss           0x00000000008002f0        0x0 /usr/lib/gcc/avr/5.4.0/avr5/libgcc.a(_ashrdi3.o)
 .bss           0x00000000008002f0        0x0 /usr/lib/gcc/avr/5.4.0/avr5/libgcc.a(_adddi3.o)
 .bss           0x00000000008002f0        0x0 /usr/lib/gcc/avr/5.4.0/avr5/libgcc.a(_udivmodhi4.o)
 .bss           0x00000000008002f0        0x0 /usr/lib/gcc/avr/5.4.0/avr5/libgcc.a(_udivmodsi4.o)
 .bss           0x00000000008002f0        0x0 /usr/lib/gcc/avr/5.4.0/avr5/libgcc.a(_umulhisi3.o)
 .bss           0x00000000008002f0        0x0 /usr/lib/gcc/avr/5.4.0/../../../avr/lib/avr5/libc.a(ftoa_engine.o)
 .bss           0x00000000008002f0        0x0 /usr/lib/gcc/avr/5.4.0/../../../avr/lib/avr5/libc.a(isspace.o)
 .bss           0x00000000008002f0        0x0 /usr/lib/gcc/avr/5.4.0/../../../avr/lib/avr5/libc.a(tolower.o)
 .bss           0x00000000008002f0        0x0 /usr/lib/gcc/avr/5.4.0/../../../avr/lib/avr5/libc.a(strchr_P.o)
 .bss           0x00000000008002f0        0x0 /usr/lib/gcc/avr/5.4.0/../../../avr/lib/avr5/libc.a(strnlen_P.o)
 .bss           0x00000000008002f0        0x0 /usr/lib/gcc/avr/5.4.0/../../../avr/lib/avr5/libc.a(strnlen.o)
 .bss           0x00000000008002f0        0x0 /usr/lib/gcc/avr/5.4.0/../../../avr/lib/avr5/libc.a(fgetc.o)
 .bss           0x00000000008002f0        0x0 /usr/lib/gcc/avr/5.4.0/../../../avr/lib/avr5/libc.a(fputc.o)
 .bss           0x00000000008002f0        0x0 /usr/lib/gcc/avr/5.4.0/../../../avr/lib/avr5/libc.a(iob.o)
 .bss           0x00000000008002f0        0x0 /usr/lib/gcc/avr/5.4.0/../../../avr/lib/avr5/libc.a(printf.o)
 .bss           0x00000000008002f0        0x0 /usr/lib/gcc/avr/5.4.0/../../../avr/lib/avr5/libc.a(puts.o)
 .bss           0x00000000008002f0        0x0 /usr/lib/gcc/avr/5.4.0/../../../avr/lib/avr5/libc.a(scanf.o)
 .bss           0x00000000008002f0        0x0 /usr/lib/gcc/avr/5.4.0/../../../avr/lib/avr5/libc.a(ungetc.o)
 .bss           0x00000000008002f0        0x0 /usr/lib/gcc/avr/5.4.0/../../../avr/lib/avr5/libc.a(ultoa_invert.o)
 .bss           0x00000000008002f0        0x0 /usr/lib/gcc/avr/5.4.0/../../../avr/lib/avr5/libc.a(cty_isfalse.o)
 *(.bss*)
 *(COMMON)
 COMMON         0x00000000008002f0        0xe types.o
                0x00000000008002f0                uart_file
 COMMON         0x00000000008002fe        0x6 /usr/lib/gcc/avr/5.4.0/../../../avr/lib/avr5/libc.a(iob.o)
                0x00000000008002fe                __iob
                0x0000000000800304                PROVIDE (__bss_end, .)
                0x0000000000002568                __data_load_start = LOADADDR (.data)
                0x0000000000002758                __data_load_end = (__data_load_start + SIZEOF (.data))

.noinit         0x0000000000800304        0x0
                [!provide]                        PROVIDE (__noinit_start, .)
 *(.noinit*)
                [!provide]                        PROVIDE (__noinit_end, .)
                0x0000000000800304                _end = .
                [!provide]                        PROVIDE (__heap_start, .)

.eeprom         0x0000000000810000        0x0
 *(.eeprom*)
                0x0000000000810000                __eeprom_end = .

.fuse
 *(.fuse)
 *(.lfuse)
 *(.hfuse)
 *(.efuse)

.lock
 *(.lock*)

.signature
 *(.signature*)

.user_signatures
 *(.user_signatures*)

.stab           0x0000000000000000      0xbd0
 *(.stab)
 .stab          0x0000000000000000      0xbd0 types.o

.stabstr        0x0000000000000000      0xefd
 *(.stabstr)
 .stabstr       0x0000000000000000      0xefd types.o

.stab.excl
 *(.stab.excl)

.stab.exclstr
 *(.stab.exclstr)

.stab.index
 *(.stab.index)

.stab.indexstr
 *(.stab.indexstr)

.comment        0x0000000000000000       0x11
 *(.comment)
 .comment       0x0000000000000000       0x11 types.o
                                         0x12 (size before relaxing)
 .comment       0x0000000000000011       0x12 /usr/lib/gcc/avr/5.4.0/../../../avr/lib/avr5/libprintf_flt.a(vfprintf_flt.o)
 .comment       0x0000000000000011       0x12 /usr/lib/gcc/avr/5.4.0/../../../avr/lib/avr5/libscanf_flt.a(vfscanf_flt.o)
 .comment       0x0000000000000011       0x12 /usr/lib/gcc/avr/5.4.0/../../../avr/lib/avr5/libc.a(fgetc.o)
 .comment       0x0000000000000011       0x12 /usr/lib/gcc/avr/5.4.0/../../../avr/lib/avr5/libc.a(fputc.o)
 .comment       0x0000000000000011       0x12 /usr/lib/gcc/avr/5.4.0/../../../avr/lib/avr5/libc.a(iob.o)
 .comment       0x0000000000000011       0x12 /usr/lib/gcc/avr/5.4.0/../../../avr/lib/avr5/libc.a(printf.o)
 .comment       0x0000000000000011       0x12 /usr/lib/gcc/avr/5.4.0/../../../avr/lib/avr5/libc.a(puts.o)
 .comment       0x0000000000000011       0x12 /usr/lib/gcc/avr/5.4.0/../../../avr/lib/avr5/libc.a(scanf.o)
 .comment       0x0000000000000011       0x12 /usr/lib/gcc/avr/5.4.0/../../../avr/lib/avr5/libc.a(ungetc.o)

.note.gnu.avr.deviceinfo
                0x0000000000000000       0x40
 .note.gnu.avr.deviceinfo
                0x0000000000000000       0x40 /usr/lib/gcc/avr/5.4.0/../../../avr/lib/avr5/crtatmega328p.o

.note.gnu.build-id
 *(.note.gnu.build-id)

.debug
 *(.debug)

.line
 *(.line)

.debug_srcinfo
 *(.debug_srcinfo)

.debug_sfnames
 *(.debug_sfnames)

.debug_aranges
 *(.debug_aranges)

.debug_pubnames
 *(.debug_pubnames)

.debug_info     0x0000000000000000      0x5f4
 *(.debug_info .gnu.linkonce.wi.*)
 .debug_info    0x0000000000000000      0x5f4 /usr/lib/gcc/avr/5.4.0/../../../avr/lib/avr5/crtatmega328p.o

.debug_abbrev   0x0000000000000000      0x5a2
 *(.debug_abbrev)
 .debug_abbrev  0x0000000000000000      0x5a2 /usr/lib/gcc/avr/5.4.0/../../../avr/lib/avr5/crtatmega328p.o

.debug_line     0x0000000000000000       0x1a
 *(.debug_line .debug_line.* .debug_line_end)
 .debug_line    0x0000000000000000       0x1a /usr/lib/gcc/avr/5.4.0/../../../avr/lib/avr5/crtatmega328p.o

.debug_frame
 *(.debug_frame)

.debug_str      0x0000000000000000      0x208
 *(.debug_str)
 .debug_str     0x0000000000000000      0x208 /usr/lib/gcc/avr/5.4.0/../../../avr/lib/avr5/crtatmega328p.o

.debug_loc
 *(.debug_loc)

.debug_macinfo
 *(.debug_macinfo)

.debug_weaknames
 *(.debug_weaknames)

.debug_funcnames
 *(.debug_funcnames)

.debug_typenames
 *(.debug_typenames)

.debug_varnames
 *(.debug_varnames)

.debug_pubtypes
 *(.debug_pubtypes)

.debug_ranges
 *(.debug_ranges)

.debug_macro
 *(.debug_macro)
OUTPUT(types.elf elf32-avr)
LOAD linker stubs
